signed_32bit_32bit_to_64bit_integer_multiplication
0
0
1
-1
-1
-2147483648
-2147483647
1
2147483645
-2147483648
signed_32bit_32bit_to_64bit_integer_multiplication_pos_long_constant
0
-4294967295
4294967295
-8589934590
8589934590
9223372030412324865
-9223372034707292160
-21474836475
30064771065
signed_32bit_32bit_to_64bit_integer_multiplication_neg_long_constant
0
4294902275
-4294902275
8589804550
-8589804550
-9223232401025596925
9223232405320499200
21474511375
-30064315925
