0 | ~ -2147483648 : 2147483647
0 | ~ 2147483647 : -2147483648
-2147483648 | ~ -1 : -2147483648
2147483647 | ~ -1 : 2147483647
0 | ~ 0 : -1
-1 | ~ -1 : -1
-1 | ~ 0 : -1
1 | ~ 0 : -1
0 | ~ 1 : -2
0 | ~ -1 : 0
0 | ~ -2 : 1
0 | ~ 2 : -3
3 | ~ 5 : -5
5 | ~ 3 : -3
2 | ~ 1 : -2
7 | ~ 13 : -9
13 | ~ 7 : -3
