Connecting via JikesRVMTestURLConnection (i.e. printing to standard out):
printme
