Testing null - instanceof: 
000000000000000
casts: 111111111111
Testing Magic() - instanceof: 
111000000000000
casts: 111000000000
Testing Science() - instanceof: 
110000000000000
casts: 110000000000
Testing BlackMagic() - instanceof: 
111100000000000
casts: 111000000000
Testing Magic[2] - instanceof: 
100011100000011
casts: 100111000011
Testing Object[][]{new Magic[4],new Magic[4]} - instanceof: 
100010001000011
casts: 100100100011
Testing Magic[][]{new Magic[4],new Magic[4]} - instanceof: 
100010001110011
casts: 100100111011
Testing int[2] - instanceof: 
100000000000111
casts: 100000000111
